GDTEST_PARSER_ERROR
The annotated UID is invalid.
