GDTEST_PARSER_ERROR
Annotation "@uid" must be at the top of the script, before "extends" and "class_name".
