GDTEST_PARSER_ERROR
"@uid" annotation can only be used once.
